# time/ps
0.000000
4.000000
20.000000
30.000000
32.000000
38.000000
46.000000
58.000000
60.000000
74.000000
86.000000
122.000000
124.000000
134.000000
136.000000
154.000000
170.000000
188.000000
216.000000
220.000000
222.000000
242.000000
246.000000
262.000000
276.000000
278.000000
284.000000
316.000000
322.000000
336.000000
338.000000
344.000000
358.000000
362.000000
376.000000
378.000000
396.000000
404.000000
418.000000
420.000000
430.000000
432.000000
484.000000
500.000000
512.000000
524.000000
530.000000
542.000000
548.000000
558.000000
566.000000
574.000000
588.000000
610.000000
618.000000
624.000000
642.000000
648.000000
678.000000
698.000000
718.000000
722.000000
732.000000
734.000000
752.000000
766.000000
782.000000
794.000000
802.000000
812.000000
818.000000
840.000000
842.000000
854.000000
874.000000
876.000000
882.000000
892.000000
894.000000
910.000000
920.000000
922.000000
926.000000
958.000000
966.000000
980.000000
982.000000
994.000000
1004.000000
1020.000000
1042.000000
1064.000000
1066.000000
1074.000000
1084.000000
1120.000000
1136.000000
1154.000000
1170.000000
1192.000000
1220.000000
1226.000000
1230.000000
1240.000000
1248.000000
1270.000000
1300.000000
1314.000000
1316.000000
1330.000000
1386.000000
1392.000000
1406.000000
1408.000000
1414.000000
1416.000000
1432.000000
1446.000000
1462.000000
1466.000000
1472.000000
1476.000000
1484.000000
1496.000000
1512.000000
1516.000000
1518.000000
1522.000000
1552.000000
1580.000000
1586.000000
1588.000000
1594.000000
1604.000000
1616.000000
1628.000000
1642.000000
1648.000000
1658.000000
1704.000000
1714.000000
1716.000000
1722.000000
1734.000000
1744.000000
1746.000000
1760.000000
1764.000000
1786.000000
1790.000000
1800.000000
1804.000000
1812.000000
1818.000000
1822.000000
1832.000000
1838.000000
1844.000000
1846.000000
1850.000000
1876.000000
1896.000000
1904.000000
1922.000000
1926.000000
1944.000000
1964.000000
1974.000000
1976.000000
1980.000000
1990.000000
2014.000000
2028.000000
2030.000000
2036.000000
2062.000000
2066.000000
2070.000000
2072.000000
2086.000000
2090.000000
2104.000000
2112.000000
2128.000000
2134.000000
2152.000000
2154.000000
2168.000000
2182.000000
2194.000000
2200.000000
2220.000000
2232.000000
2236.000000
2246.000000
2262.000000
2264.000000
2266.000000
2268.000000
2276.000000
2278.000000
2286.000000
2318.000000
2320.000000
2328.000000
2330.000000
2338.000000
2346.000000
2354.000000
2358.000000
2366.000000
2372.000000
2380.000000
2392.000000
2398.000000
2404.000000
2408.000000
2412.000000
2438.000000
2448.000000
2450.000000
2452.000000
2460.000000
2462.000000
2468.000000
2470.000000
2482.000000
2486.000000
2492.000000
2508.000000
2512.000000
2524.000000
2542.000000
2560.000000
2586.000000
2590.000000
2592.000000
2598.000000
2610.000000
2666.000000
2676.000000
2686.000000
2690.000000
2692.000000
2720.000000
2722.000000
2724.000000
2740.000000
2766.000000
2770.000000
2778.000000
2782.000000
2792.000000
2802.000000
2808.000000
2822.000000
2850.000000
2866.000000
2870.000000
2882.000000
2884.000000
2896.000000
2898.000000
2908.000000
2916.000000
2918.000000
2930.000000
2936.000000
2946.000000
2958.000000
2972.000000
2976.000000
2984.000000
3012.000000
3026.000000
3040.000000
3050.000000
3072.000000
3078.000000
3082.000000
3088.000000
3100.000000
3106.000000
3110.000000
3114.000000
3146.000000
3154.000000
3166.000000
3170.000000
3174.000000
3176.000000
3186.000000
3210.000000
3216.000000
3236.000000
3248.000000
3258.000000
3262.000000
3264.000000
3270.000000
3276.000000
3286.000000
3288.000000
3294.000000
3312.000000
3322.000000
3356.000000
3362.000000
3376.000000
3382.000000
3444.000000
3448.000000
3452.000000
3472.000000
3490.000000
3498.000000
3512.000000
3522.000000
3542.000000
3570.000000
3586.000000
3588.000000
3592.000000
3600.000000
3612.000000
3616.000000
3620.000000
3622.000000
3626.000000
3630.000000
3640.000000
3660.000000
3666.000000
3674.000000
3682.000000
3686.000000
3708.000000
3710.000000
3722.000000
3728.000000
3730.000000
3780.000000
3802.000000
3810.000000
3830.000000
3832.000000
3838.000000
3846.000000
3854.000000
3860.000000
3870.000000
3882.000000
3908.000000
3918.000000
3920.000000
3932.000000
3940.000000
3948.000000
3952.000000
4006.000000
4032.000000
4074.000000
4078.000000
4096.000000
4108.000000
4112.000000
4116.000000
4118.000000
4128.000000
4152.000000
4158.000000
4212.000000
4228.000000
4250.000000
4252.000000
4254.000000
4264.000000
4266.000000
4272.000000
4290.000000
4312.000000
4318.000000
4330.000000
4348.000000
4364.000000
4382.000000
4390.000000
4410.000000
4428.000000
4452.000000
4470.000000
4480.000000
4486.000000
4498.000000
4502.000000
4514.000000
4522.000000
4538.000000
4566.000000
4570.000000
4574.000000
4590.000000
4602.000000
4610.000000
4614.000000
4644.000000
4650.000000
4660.000000
4676.000000
4684.000000
4706.000000
4710.000000
4744.000000
4752.000000
4760.000000
4766.000000
4774.000000
4782.000000
4788.000000
4798.000000
4820.000000
4828.000000
4836.000000
4838.000000
4842.000000
4858.000000
4866.000000
4868.000000
4878.000000
4914.000000
4916.000000
4932.000000
4976.000000
4990.000000
5006.000000
5012.000000
5016.000000
5022.000000
5030.000000
5032.000000
5044.000000
5050.000000
5060.000000
5062.000000
5128.000000
5146.000000
5152.000000
5160.000000
5162.000000
5164.000000
5174.000000
5180.000000
5186.000000
5194.000000
5196.000000
5198.000000
5208.000000
5244.000000
5246.000000
5248.000000
5250.000000
5258.000000
5266.000000
5272.000000
5278.000000
5282.000000
5284.000000
5328.000000
5330.000000
5340.000000
5352.000000
5370.000000
5382.000000
5402.000000
5410.000000
5440.000000
5444.000000
5470.000000
5478.000000
5494.000000
5510.000000
5524.000000
5546.000000
5556.000000
5598.000000
5604.000000
5610.000000
5614.000000
5620.000000
5622.000000
5638.000000
5642.000000
5674.000000
5680.000000
5684.000000
5686.000000
5706.000000
5708.000000
5710.000000
5716.000000
5724.000000
5736.000000
5740.000000
5748.000000
5766.000000
5774.000000
5784.000000
5812.000000
5818.000000
5826.000000
5834.000000
5836.000000
5848.000000
5862.000000
5866.000000
5870.000000
5896.000000
5900.000000
5902.000000
5908.000000
5912.000000
5914.000000
5928.000000
5942.000000
5944.000000
5954.000000
5962.000000
5982.000000
5986.000000
5996.000000
6022.000000
6030.000000
6040.000000
6062.000000
6070.000000
6072.000000
6080.000000
6092.000000
6122.000000
6124.000000
6136.000000
6144.000000
6188.000000
6198.000000
6218.000000
6264.000000
6284.000000
6312.000000
6320.000000
6328.000000
6348.000000
6354.000000
6356.000000
6366.000000
6370.000000
6372.000000
6378.000000
6384.000000
6402.000000
6404.000000
6406.000000
6418.000000
6428.000000
6446.000000
6488.000000
6492.000000
6496.000000
6498.000000
6522.000000
6526.000000
6538.000000
6548.000000
6552.000000
6556.000000
6568.000000
6586.000000
6598.000000
6606.000000
6612.000000
6624.000000
6634.000000
6694.000000
6696.000000
6706.000000
6716.000000
6780.000000
6788.000000
6792.000000
6818.000000
6844.000000
6860.000000
6862.000000
6866.000000
6872.000000
6892.000000
6896.000000
6916.000000
6930.000000
6940.000000
6954.000000
6956.000000
6968.000000
6976.000000
6980.000000
6998.000000
7002.000000
7006.000000
7008.000000
7046.000000
7054.000000
7068.000000
7070.000000
7072.000000
7098.000000
7100.000000
7126.000000
7156.000000
7162.000000
7166.000000
7172.000000
7190.000000
7198.000000
7226.000000
7232.000000
7258.000000
7270.000000
7322.000000
7350.000000
7360.000000
7362.000000
7382.000000
7384.000000
7416.000000
7418.000000
7420.000000
7422.000000
7446.000000
7448.000000
7460.000000
7464.000000
7476.000000
7478.000000
7482.000000
7504.000000
7508.000000
7512.000000
7518.000000
7558.000000
7586.000000
7594.000000
7606.000000
7612.000000
7618.000000
7638.000000
7644.000000
7648.000000
7666.000000
7676.000000
7696.000000
7712.000000
7714.000000
7728.000000
7742.000000
7750.000000
7752.000000
7758.000000
7760.000000
7774.000000
7786.000000
7792.000000
7820.000000
7822.000000
7836.000000
7858.000000
7862.000000
7886.000000
7888.000000
7892.000000
7920.000000
7924.000000
7926.000000
7946.000000
7952.000000
7984.000000
7988.000000
8020.000000
8042.000000
8044.000000
8072.000000
8084.000000
8086.000000
8104.000000
8106.000000
8120.000000
8134.000000
8136.000000
8168.000000
8174.000000
8176.000000
8186.000000
8200.000000
8202.000000
8224.000000
8226.000000
8230.000000
8240.000000
8256.000000
8262.000000
8266.000000
8268.000000
8270.000000
8290.000000
8292.000000
8304.000000
8314.000000
8332.000000
8338.000000
8348.000000
8356.000000
8360.000000
8364.000000
8374.000000
8392.000000
8412.000000
8414.000000
8420.000000
8442.000000
8444.000000
8448.000000
8452.000000
8460.000000
8462.000000
8524.000000
8528.000000
8534.000000
8536.000000
8542.000000
8548.000000
8552.000000
8558.000000
8566.000000
8568.000000
8570.000000
8590.000000
8592.000000
8596.000000
8600.000000
8614.000000
8626.000000
8638.000000
8644.000000
8668.000000
8690.000000
8698.000000
8700.000000
8708.000000
8748.000000
8750.000000
8752.000000
8756.000000
8766.000000
8768.000000
8804.000000
8808.000000
8814.000000
8828.000000
8832.000000
8838.000000
8856.000000
8858.000000
8882.000000
8888.000000
8894.000000
8898.000000
8900.000000
8902.000000
8906.000000
8912.000000
8952.000000
8968.000000
8986.000000
9036.000000
9058.000000
9078.000000
9088.000000
9096.000000
9122.000000
9138.000000
9146.000000
9148.000000
9178.000000
9194.000000
9206.000000
9218.000000
9224.000000
9234.000000
9250.000000
9264.000000
9278.000000
9282.000000
9292.000000
9298.000000
9308.000000
9316.000000
9334.000000
9340.000000
9348.000000
9370.000000
9390.000000
9400.000000
9406.000000
9430.000000
9432.000000
9478.000000
9496.000000
9508.000000
9520.000000
9536.000000
9540.000000
9546.000000
9558.000000
9566.000000
9580.000000
9612.000000
9622.000000
9630.000000
9650.000000
9660.000000
9662.000000
9668.000000
9694.000000
9714.000000
9730.000000
9734.000000
9754.000000
9768.000000
9774.000000
9790.000000
9802.000000
9806.000000
9808.000000
9810.000000
9828.000000
9848.000000
9852.000000
9860.000000
9862.000000
9870.000000
9902.000000
9922.000000
9934.000000
9940.000000
9948.000000
9964.000000
9970.000000
9974.000000
9978.000000
9980.000000
9984.000000
9992.000000
9998.000000
10010.000000
10012.000000
10034.000000
10040.000000
10066.000000
10100.000000
10116.000000
10126.000000
10142.000000
10144.000000
10148.000000
10158.000000
10164.000000
10170.000000
10176.000000
10184.000000
10202.000000
10212.000000
10216.000000
10230.000000
10240.000000
10242.000000
10244.000000
10284.000000
10296.000000
10314.000000
10324.000000
10350.000000
10356.000000
10358.000000
10370.000000
10400.000000
10402.000000
10424.000000
10438.000000
10440.000000
10446.000000
10452.000000
10454.000000
10478.000000
10484.000000
10486.000000
10488.000000
10490.000000
10506.000000
10512.000000
10516.000000
10524.000000
10550.000000
10586.000000
10648.000000
10658.000000
10690.000000
10708.000000
10718.000000
10726.000000
10752.000000
10766.000000
10770.000000
10772.000000
10774.000000
10780.000000
10788.000000
10808.000000
10814.000000
10822.000000
10844.000000
10888.000000
10890.000000
10896.000000
10900.000000
10906.000000
10908.000000
10922.000000
10960.000000
10964.000000
10988.000000
10990.000000
10994.000000
11020.000000
11022.000000
11026.000000
11038.000000
11046.000000
11050.000000
11064.000000
11074.000000
11086.000000
11088.000000
11094.000000
11106.000000
11120.000000
11128.000000
11144.000000
11166.000000
11168.000000
11170.000000
11194.000000
11196.000000
11200.000000
11210.000000
11216.000000
11232.000000
11236.000000
11242.000000
11246.000000
11248.000000
11264.000000
11294.000000
11308.000000
11318.000000
11322.000000
11350.000000
11352.000000
11356.000000
11358.000000
11384.000000
11392.000000
11410.000000
11426.000000
11432.000000
11446.000000
11454.000000
11458.000000
11470.000000
11484.000000
11492.000000
11506.000000
11510.000000
11520.000000
11528.000000
11536.000000
11538.000000
11542.000000
11560.000000
11564.000000
11566.000000
11572.000000
11582.000000
11586.000000
11592.000000
11596.000000
11606.000000
11622.000000
11624.000000
11634.000000
11680.000000
11692.000000
11698.000000
11702.000000
11708.000000
11710.000000
11730.000000
11744.000000
11748.000000
11774.000000
11788.000000
11794.000000
11800.000000
11814.000000
11816.000000
11830.000000
11836.000000
11888.000000
11892.000000
11894.000000
11896.000000
11904.000000
11926.000000
11946.000000
11956.000000
11960.000000
11978.000000
11984.000000
11986.000000
12026.000000
12056.000000
12062.000000
12064.000000
12072.000000
12080.000000
12102.000000
12116.000000
12118.000000
12132.000000
12138.000000
12140.000000
12166.000000
12174.000000
12192.000000
12198.000000
12204.000000
12222.000000
12230.000000
12268.000000
12270.000000
12300.000000
12314.000000
12320.000000
12334.000000
12374.000000
12402.000000
12410.000000
12412.000000
12418.000000
12438.000000
12452.000000
12458.000000
12460.000000
12462.000000
12528.000000
12564.000000
12574.000000
12594.000000
12622.000000
12628.000000
12654.000000
12662.000000
12718.000000
12720.000000
12726.000000
12738.000000
12742.000000
12758.000000
12778.000000
12780.000000
12796.000000
12806.000000
12808.000000
12828.000000
12830.000000
12840.000000
12854.000000
12880.000000
12896.000000
12904.000000
12928.000000
12960.000000
12978.000000
12984.000000
13004.000000
13014.000000
13030.000000
13034.000000
13046.000000
13052.000000
13078.000000
13092.000000
13094.000000
13096.000000
13102.000000
13110.000000
13118.000000
13120.000000
13126.000000
13134.000000
13136.000000
13140.000000
13176.000000
13202.000000
13210.000000
13236.000000
13250.000000
13254.000000
13270.000000
13284.000000
13296.000000
13306.000000
13326.000000
13328.000000
13334.000000
13340.000000
13350.000000
13356.000000
13376.000000
13396.000000
13400.000000
13404.000000
13422.000000
13424.000000
13456.000000
13474.000000
13490.000000
13506.000000
13530.000000
13532.000000
13540.000000
13586.000000
13588.000000
13600.000000
13606.000000
13614.000000
13642.000000
13644.000000
13688.000000
13694.000000
13708.000000
13720.000000
13722.000000
13726.000000
13752.000000
13758.000000
13760.000000
13774.000000
13796.000000
13802.000000
13804.000000
13822.000000
13826.000000
13830.000000
13836.000000
13842.000000
13844.000000
13870.000000
13876.000000
13878.000000
13884.000000
13894.000000
13902.000000
13956.000000
13980.000000
13992.000000
14030.000000
14042.000000
14046.000000
14048.000000
14056.000000
14058.000000
14060.000000
14076.000000
14114.000000
14118.000000
14146.000000
14152.000000
14158.000000
14204.000000
14212.000000
14232.000000
14236.000000
14254.000000
14262.000000
14268.000000
14272.000000
14294.000000
14326.000000
14330.000000
14332.000000
14334.000000
14340.000000
14344.000000
14352.000000
14356.000000
14364.000000
14400.000000
14410.000000
14414.000000
14446.000000
14448.000000
14456.000000
14464.000000
14488.000000
14490.000000
14514.000000
14518.000000
14544.000000
14554.000000
14576.000000
14578.000000
14586.000000
14598.000000
14600.000000
14608.000000
14628.000000
14634.000000
14638.000000
14642.000000
14670.000000
14692.000000
14724.000000
14732.000000
14742.000000
14746.000000
14764.000000
14780.000000
14782.000000
14786.000000
14802.000000
14806.000000
14816.000000
14838.000000
14848.000000
14852.000000
14856.000000
14858.000000
14902.000000
14920.000000
14926.000000
14938.000000
14940.000000
14964.000000
14970.000000
14994.000000
14996.000000
14998.000000
15000.000000
15004.000000
15012.000000
15020.000000
15038.000000
15050.000000
15060.000000
15064.000000
15068.000000
15072.000000
15076.000000
15080.000000
15086.000000
15090.000000
15094.000000
15108.000000
15112.000000
15114.000000
15130.000000
15136.000000
15138.000000
15144.000000
15152.000000
15162.000000
15180.000000
15196.000000
15220.000000
15234.000000
15264.000000
15274.000000
15276.000000
15278.000000
15290.000000
15296.000000
15304.000000
15308.000000
15312.000000
15314.000000
15324.000000
15328.000000
15330.000000
15338.000000
15350.000000
15386.000000
15390.000000
15406.000000
15416.000000
15422.000000
15446.000000
15452.000000
15456.000000
15460.000000
15462.000000
15474.000000
15492.000000
15494.000000
15508.000000
15552.000000
15558.000000
15560.000000
15564.000000
15582.000000
15624.000000
15632.000000
15646.000000
15658.000000
15664.000000
15696.000000
15700.000000
15728.000000
15734.000000
15740.000000
15752.000000
15754.000000
15766.000000
15772.000000
15794.000000
15796.000000
15806.000000
15824.000000
15844.000000
15846.000000
15852.000000
15890.000000
15900.000000
15932.000000
15938.000000
15968.000000
15970.000000
15974.000000
16038.000000
16048.000000
16070.000000
16120.000000
16130.000000
16134.000000
16180.000000
16194.000000
16218.000000
16236.000000
16240.000000
16248.000000
16250.000000
16256.000000
16260.000000
16268.000000
16272.000000
16274.000000
16282.000000
16284.000000
16300.000000
16328.000000
16340.000000
16352.000000
16356.000000
16368.000000
16372.000000
16378.000000
16380.000000
16396.000000
16398.000000
16406.000000
16408.000000
16444.000000
16462.000000
16472.000000
16486.000000
16492.000000
16494.000000
16532.000000
16536.000000
16550.000000
16554.000000
16564.000000
16578.000000
16598.000000
16624.000000
16644.000000
16658.000000
16678.000000
16686.000000
16696.000000
16698.000000
16712.000000
16718.000000
16732.000000
16758.000000
16764.000000
16768.000000
16774.000000
16790.000000
16792.000000
16794.000000
16848.000000
16874.000000
16876.000000
16880.000000
16894.000000
16912.000000
16918.000000
16934.000000
16942.000000
16950.000000
16960.000000
16962.000000
16964.000000
16966.000000
16970.000000
16992.000000
17004.000000
17038.000000
17044.000000
17060.000000
17068.000000
17080.000000
17088.000000
17096.000000
17104.000000
17108.000000
17118.000000
17126.000000
17140.000000
17158.000000
17170.000000
17198.000000
17200.000000
17206.000000
17216.000000
17246.000000
17278.000000
17290.000000
17296.000000
17314.000000
17320.000000
17326.000000
17338.000000
17346.000000
17364.000000
17376.000000
17380.000000
17384.000000
17386.000000
17446.000000
17454.000000
17460.000000
17464.000000
17476.000000
17478.000000
17490.000000
17492.000000
17506.000000
17534.000000
17556.000000
17562.000000
17564.000000
17574.000000
17576.000000
17578.000000
17594.000000
17598.000000
17612.000000
17616.000000
17618.000000
17628.000000
17632.000000
17642.000000
17674.000000
17676.000000
17688.000000
17708.000000
17758.000000
17764.000000
17794.000000
17848.000000
17868.000000
17894.000000
17922.000000
17938.000000
17960.000000
17970.000000
17978.000000
17982.000000
17994.000000
18012.000000
18014.000000
18016.000000
18074.000000
18084.000000
18086.000000
18108.000000
18136.000000
18170.000000
18176.000000
18180.000000
18194.000000
18198.000000
18240.000000
18242.000000
18252.000000
18254.000000
18264.000000
18324.000000
18342.000000
18366.000000
18382.000000
18390.000000
18452.000000
18462.000000
18490.000000
18508.000000
18512.000000
18516.000000
18526.000000
18536.000000
18542.000000
18554.000000
18582.000000
18606.000000
18624.000000
18644.000000
18662.000000
18676.000000
18688.000000
18690.000000
18698.000000
18712.000000
18724.000000
18766.000000
18768.000000
18774.000000
18808.000000
18820.000000
18822.000000
18824.000000
18826.000000
18866.000000
18868.000000
18890.000000
18904.000000
18928.000000
18934.000000
18944.000000
18946.000000
18952.000000
18954.000000
18962.000000
18964.000000
18970.000000
18976.000000
19008.000000
19028.000000
19040.000000
19042.000000
19070.000000
19078.000000
19120.000000
19160.000000
19168.000000
19178.000000
19180.000000
19190.000000
19216.000000
19218.000000
19224.000000
19240.000000
19250.000000
19262.000000
19274.000000
19276.000000
19286.000000
19290.000000
19302.000000
19308.000000
19312.000000
19316.000000
19334.000000
19338.000000
19344.000000
19346.000000
19362.000000
19368.000000
19370.000000
19378.000000
19418.000000
19420.000000
19426.000000
19454.000000
19468.000000
19470.000000
19476.000000
19486.000000
19504.000000
19512.000000
19520.000000
19534.000000
19564.000000
19588.000000
19592.000000
19598.000000
19616.000000
19626.000000
19628.000000
19634.000000
19636.000000
19648.000000
19664.000000
19678.000000
19688.000000
19690.000000
19698.000000
19730.000000
19736.000000
19760.000000
19770.000000
19772.000000
19776.000000
19782.000000
19804.000000
19814.000000
19820.000000
19826.000000
19830.000000
19838.000000
19862.000000
19876.000000
19880.000000
19904.000000
19912.000000
19930.000000
19942.000000
19944.000000
19960.000000
19992.000000
19994.000000
20004.000000
20018.000000
20040.000000
20056.000000
20092.000000
20170.000000
20190.000000
20192.000000
20208.000000
20210.000000
20230.000000
20284.000000
20288.000000
20292.000000
20304.000000
20314.000000
20340.000000
20344.000000
20352.000000
20358.000000
20368.000000
20374.000000
20386.000000
20388.000000
20398.000000
20406.000000
20432.000000
20450.000000
20468.000000
20500.000000
20560.000000
20578.000000
20586.000000
20590.000000
20604.000000
20682.000000
20690.000000
20750.000000
20760.000000
20788.000000
20790.000000
20798.000000
20804.000000
20812.000000
20824.000000
20834.000000
20882.000000
20888.000000
20894.000000
20896.000000
20912.000000
20918.000000
20922.000000
20926.000000
20942.000000
20944.000000
20950.000000
20970.000000
21018.000000
21026.000000
21048.000000
21062.000000
21072.000000
21090.000000
21114.000000
21116.000000
21126.000000
21128.000000
21136.000000
21166.000000
21190.000000
21252.000000
21258.000000
21264.000000
21288.000000
21306.000000
21324.000000
21332.000000
21358.000000
21360.000000
21362.000000
21366.000000
21382.000000
21396.000000
21414.000000
21430.000000
21472.000000
21484.000000
21510.000000
21512.000000
21518.000000
21578.000000
21624.000000
21652.000000
21678.000000
21686.000000
21706.000000
21732.000000
21778.000000
21798.000000
21804.000000
21808.000000
21864.000000
21868.000000
21876.000000
21906.000000
21916.000000
21924.000000
21978.000000
22038.000000
22050.000000
22052.000000
22080.000000
22090.000000
22114.000000
22124.000000
22128.000000
22160.000000
22188.000000
22192.000000
22196.000000
22198.000000
22200.000000
22204.000000
22224.000000
22234.000000
22244.000000
22256.000000
22260.000000
22292.000000
22308.000000
22310.000000
22336.000000
22348.000000
22388.000000
22434.000000
22438.000000
22448.000000
22454.000000
22456.000000
22462.000000
22466.000000
22470.000000
22486.000000
22492.000000
22500.000000
22514.000000
22518.000000
22560.000000
22562.000000
22564.000000
22578.000000
22602.000000
22608.000000
22668.000000
22680.000000
22684.000000
22718.000000
22734.000000
22740.000000
22754.000000
22758.000000
22786.000000
22822.000000
22824.000000
22826.000000
22838.000000
22844.000000
22850.000000
22860.000000
22862.000000
22884.000000
22894.000000
22900.000000
22910.000000
22912.000000
22934.000000
22938.000000
22952.000000
22954.000000
22962.000000
23014.000000
23018.000000
23034.000000
23098.000000
23142.000000
23152.000000
23156.000000
23168.000000
23176.000000
23188.000000
23192.000000
23202.000000
23206.000000
23232.000000
23244.000000
23256.000000
23286.000000
23300.000000
23308.000000
23330.000000
23338.000000
23340.000000
23372.000000
23406.000000
23424.000000
23426.000000
23464.000000
23512.000000
23514.000000
23534.000000
23556.000000
23562.000000
23578.000000
23584.000000
23590.000000
23606.000000
23612.000000
23634.000000
23646.000000
23658.000000
23700.000000
23714.000000
23720.000000
23728.000000
23756.000000
23758.000000
23770.000000
23782.000000
23806.000000
23818.000000
23826.000000
23840.000000
23854.000000
23868.000000
23878.000000
23880.000000
23882.000000
23892.000000
23898.000000
23914.000000
23932.000000
23944.000000
23956.000000
23970.000000
23980.000000
23990.000000
24026.000000
24044.000000
24052.000000
24066.000000
24068.000000
24072.000000
24074.000000
24084.000000
24092.000000
24122.000000
24126.000000
24142.000000
24168.000000
24174.000000
24186.000000
24188.000000
24192.000000
24200.000000
24214.000000
24224.000000
24234.000000
24244.000000
24258.000000
24260.000000
24268.000000
24310.000000
24322.000000
24344.000000
24354.000000
24382.000000
24388.000000
24396.000000
24428.000000
24450.000000
24454.000000
24462.000000
24468.000000
24476.000000
24506.000000
24514.000000
24524.000000
24548.000000
24562.000000
24572.000000
24586.000000
24588.000000
24590.000000
24606.000000
24664.000000
24672.000000
24674.000000
24690.000000
24692.000000
24708.000000
24720.000000
24722.000000
24730.000000
24752.000000
24754.000000
24760.000000
24790.000000
24794.000000
24806.000000
24822.000000
24832.000000
24840.000000
24846.000000
24850.000000
24874.000000
24878.000000
24882.000000
24894.000000
24898.000000
24930.000000
24938.000000
24952.000000
24958.000000
24966.000000
24988.000000
25008.000000
25014.000000
25038.000000
25054.000000
25058.000000
25060.000000
25086.000000
25116.000000
25118.000000
25138.000000
25158.000000
25164.000000
25166.000000
25184.000000
25190.000000
25228.000000
25230.000000
25234.000000
25242.000000
25278.000000
25318.000000
25320.000000
25326.000000
25328.000000
25338.000000
25344.000000
25352.000000
25362.000000
25366.000000
25382.000000
25418.000000
25446.000000
25450.000000
25454.000000
25498.000000
25516.000000
25538.000000
25546.000000
25550.000000
25566.000000
25578.000000
25584.000000
25604.000000
25628.000000
25666.000000
25694.000000
25712.000000
25718.000000
25746.000000
25756.000000
25760.000000
25786.000000
25808.000000
25860.000000
25868.000000
25882.000000
25894.000000
25896.000000
25918.000000
25936.000000
25938.000000
25948.000000
25956.000000
25970.000000
25986.000000
25996.000000
26024.000000
26032.000000
26034.000000
26036.000000
26056.000000
26070.000000
26084.000000
26098.000000
26144.000000
26146.000000
26152.000000
26156.000000
26164.000000
26172.000000
26192.000000
26236.000000
26250.000000
26272.000000
26278.000000
26284.000000
26320.000000
26322.000000
26332.000000
26352.000000
26362.000000
26388.000000
26398.000000
26416.000000
26438.000000
26450.000000
26470.000000
26502.000000
26506.000000
26540.000000
26564.000000
26568.000000
26574.000000
26576.000000
26636.000000
26676.000000
26690.000000
26702.000000
26706.000000
26708.000000
26712.000000
26714.000000
26720.000000
26740.000000
26762.000000
26772.000000
26780.000000
26812.000000
26830.000000
26842.000000
26848.000000
26886.000000
26900.000000
26902.000000
26932.000000
26936.000000
26962.000000
26966.000000
26968.000000
26976.000000
26980.000000
27018.000000
27086.000000
27120.000000
27156.000000
27158.000000
27168.000000
27182.000000
27218.000000
27228.000000
27230.000000
27240.000000
27246.000000
27258.000000
27264.000000
27308.000000
27310.000000
27312.000000
27320.000000
27326.000000
27340.000000
27346.000000
27350.000000
27360.000000
27366.000000
27368.000000
27370.000000
27372.000000
27380.000000
27396.000000
27402.000000
27440.000000
27448.000000
27464.000000
27466.000000
27470.000000
27536.000000
27548.000000
27572.000000
27584.000000
27586.000000
27600.000000
27612.000000
27614.000000
27620.000000
27632.000000
27654.000000
27674.000000
27694.000000
27702.000000
27748.000000
27762.000000
27778.000000
27786.000000
27802.000000
27804.000000
27822.000000
27830.000000
27832.000000
27880.000000
27884.000000
27888.000000
27890.000000
27894.000000
27916.000000
27926.000000
27930.000000
27932.000000
27996.000000
28008.000000
28026.000000
28030.000000
28038.000000
28074.000000
28094.000000
28112.000000
28116.000000
28132.000000
28170.000000
28180.000000
28196.000000
28208.000000
28234.000000
28248.000000
28254.000000
28256.000000
28272.000000
28278.000000
28280.000000
28288.000000
28322.000000
28326.000000
28340.000000
28354.000000
28364.000000
28398.000000
28412.000000
28446.000000
28456.000000
28482.000000
28488.000000
28504.000000
28506.000000
28526.000000
28536.000000
28562.000000
28568.000000
28574.000000
28578.000000
28582.000000
28604.000000
28608.000000
28618.000000
28650.000000
28660.000000
28670.000000
28704.000000
28744.000000
28754.000000
28804.000000
28806.000000
28832.000000
28892.000000
28900.000000
28930.000000
28934.000000
28940.000000
28944.000000
28948.000000
28976.000000
28990.000000
28998.000000
29004.000000
29008.000000
29032.000000
29038.000000
29046.000000
29052.000000
29064.000000
29074.000000
29096.000000
29108.000000
29120.000000
29140.000000
29144.000000
29158.000000
29162.000000
29184.000000
29200.000000
29270.000000
29288.000000
29312.000000
29314.000000
29320.000000
29328.000000
29334.000000
29346.000000
29348.000000
29354.000000
29386.000000
29396.000000
29412.000000
29460.000000
29476.000000
29478.000000
29488.000000
29490.000000
29492.000000
29500.000000
29510.000000
29516.000000
29528.000000
29532.000000
29544.000000
29558.000000
29580.000000
29586.000000
29624.000000
29626.000000
29630.000000
29636.000000
29640.000000
29644.000000
29656.000000
29724.000000
29726.000000
29744.000000
29758.000000
29774.000000
29800.000000
29808.000000
29816.000000
29844.000000
29862.000000
29866.000000
29880.000000
29884.000000
29890.000000
29902.000000
29934.000000
29952.000000
29976.000000
30000.000000
30002.000000
30012.000000
30028.000000
30044.000000
30068.000000
30100.000000
30102.000000
30106.000000
30134.000000
30166.000000
30216.000000
30218.000000
30226.000000
30250.000000
30252.000000
30268.000000
30336.000000
30388.000000
30408.000000
30414.000000
30418.000000
30464.000000
30480.000000
30494.000000
30498.000000
30500.000000
30502.000000
30508.000000
30512.000000
30518.000000
30526.000000
30536.000000
30538.000000
30540.000000
30556.000000
30564.000000
30574.000000
30576.000000
30590.000000
30604.000000
30606.000000
30674.000000
30712.000000
30722.000000
30724.000000
30768.000000
30772.000000
30778.000000
30814.000000
30822.000000
30836.000000
30872.000000
30902.000000
30906.000000
30914.000000
30926.000000
30950.000000
30974.000000
30992.000000
31024.000000
31032.000000
31038.000000
31066.000000
31068.000000
31078.000000
31094.000000
31124.000000
31126.000000
31134.000000
31138.000000
31140.000000
31156.000000
31176.000000
31182.000000
31262.000000
31280.000000
31332.000000
31460.000000
31472.000000
31474.000000
31488.000000
31494.000000
31520.000000
31528.000000
31530.000000
31542.000000
31582.000000
31616.000000
31632.000000
31636.000000
31638.000000
31656.000000
31658.000000
31670.000000
31682.000000
31692.000000
31702.000000
31710.000000
31750.000000
31764.000000
31778.000000
31784.000000
31804.000000
31832.000000
31868.000000
31878.000000
31890.000000
31898.000000
31902.000000
31904.000000
31906.000000
31950.000000
31978.000000
32008.000000
32032.000000
32052.000000
32056.000000
32086.000000
32114.000000
32130.000000
32150.000000
32168.000000
32176.000000
32190.000000
32194.000000
32200.000000
32220.000000
32234.000000
32242.000000
32254.000000
32266.000000
32284.000000
32318.000000
32322.000000
32326.000000
32350.000000
32352.000000
32370.000000
32400.000000
32406.000000
32414.000000
32416.000000
32420.000000
32442.000000
32444.000000
32450.000000
32462.000000
32464.000000
32474.000000
32480.000000
32498.000000
32500.000000
32518.000000
32532.000000
32554.000000
32568.000000
32590.000000
32598.000000
32612.000000
32632.000000
32650.000000
32718.000000
32726.000000
32740.000000
32748.000000
32766.000000
32770.000000
32772.000000
32778.000000
32788.000000
32792.000000
32800.000000
32812.000000
32814.000000
32828.000000
32842.000000
32856.000000
32864.000000
32874.000000
32908.000000
32912.000000
32914.000000
32916.000000
32918.000000
32932.000000
32954.000000
32968.000000
32974.000000
32998.000000
33006.000000
33012.000000
33028.000000
33046.000000
33080.000000
33106.000000
33124.000000
33150.000000
33152.000000
33164.000000
33182.000000
33242.000000
33244.000000
33248.000000
33254.000000
33306.000000
33312.000000
33326.000000
33334.000000
33388.000000
33440.000000
33448.000000
33460.000000
33534.000000
33590.000000
33592.000000
33666.000000
33670.000000
33698.000000
33734.000000
33738.000000
33750.000000
33752.000000
33758.000000
33762.000000
33774.000000
33814.000000
33822.000000
33862.000000
33868.000000
33898.000000
33908.000000
33928.000000
33930.000000
33932.000000
33934.000000
33944.000000
33966.000000
33998.000000
34006.000000
34032.000000
34040.000000
34100.000000
34106.000000
34110.000000
34132.000000
34150.000000
34164.000000
34166.000000
34178.000000
34180.000000
34238.000000
34254.000000
34262.000000
34284.000000
34286.000000
34290.000000
34332.000000
34334.000000
34352.000000
34380.000000
34388.000000
34398.000000
34408.000000
34424.000000
34458.000000
34468.000000
34476.000000
34546.000000
34552.000000
34570.000000
34594.000000
34648.000000
34682.000000
34694.000000
34698.000000
34752.000000
34818.000000
34848.000000
34862.000000
34876.000000
34898.000000
34900.000000
34940.000000
35058.000000
35092.000000
35104.000000
35128.000000
35132.000000
35136.000000
35138.000000
35174.000000
35182.000000
35188.000000
35212.000000
35228.000000
35232.000000
35256.000000
35274.000000
35286.000000
35292.000000
35302.000000
35308.000000
35342.000000
35356.000000
35406.000000
35422.000000
35430.000000
35434.000000
35444.000000
35456.000000
35460.000000
35466.000000
35476.000000
35486.000000
35490.000000
35500.000000
35512.000000
35528.000000
35540.000000
35542.000000
35550.000000
35560.000000
35564.000000
35566.000000
35580.000000
35614.000000
35618.000000
35636.000000
35694.000000
35714.000000
35736.000000
35754.000000
35800.000000
35814.000000
35820.000000
35846.000000
35850.000000
35854.000000
35864.000000
35868.000000
35878.000000
35880.000000
35884.000000
35886.000000
35922.000000
35948.000000
35968.000000
35976.000000
36026.000000
36032.000000
36034.000000
36042.000000
36050.000000
36052.000000
36088.000000
36090.000000
36100.000000
36106.000000
36118.000000
36130.000000
36142.000000
36160.000000
36182.000000
36194.000000
36200.000000
36212.000000
36252.000000
36254.000000
36256.000000
36260.000000
36272.000000
36294.000000
36372.000000
36398.000000
36402.000000
36404.000000
36406.000000
36422.000000
36426.000000
36430.000000
36448.000000
36462.000000
36468.000000
36472.000000
36476.000000
36516.000000
36522.000000
36528.000000
36532.000000
36534.000000
36540.000000
36556.000000
36570.000000
36572.000000
36584.000000
36590.000000
36596.000000
36606.000000
36610.000000
36612.000000
36614.000000
36624.000000
36650.000000
36666.000000
36688.000000
36708.000000
36720.000000
36726.000000
36730.000000
36736.000000
36744.000000
36752.000000
36754.000000
36756.000000
36770.000000
36780.000000
36826.000000
36834.000000
36846.000000
36906.000000
36930.000000
36934.000000
36964.000000
36970.000000
36990.000000
37002.000000
37014.000000
37024.000000
37042.000000
37044.000000
37046.000000
37070.000000
37076.000000
37084.000000
37116.000000
37118.000000
37122.000000
37130.000000
37134.000000
37148.000000
37160.000000
37170.000000
37198.000000
37212.000000
37214.000000
37216.000000
37218.000000
37238.000000
37242.000000
37246.000000
37248.000000
37268.000000
37284.000000
37306.000000
37342.000000
37352.000000
37360.000000
37366.000000
37376.000000
37384.000000
37392.000000
37398.000000
37414.000000
37422.000000
37452.000000
37476.000000
37486.000000
37494.000000
37504.000000
37510.000000
37528.000000
37552.000000
37566.000000
37570.000000
37574.000000
37586.000000
37594.000000
37596.000000
37624.000000
37650.000000
37682.000000
37712.000000
37718.000000
37728.000000
37734.000000
37746.000000
37754.000000
37760.000000
37766.000000
37774.000000
37800.000000
37802.000000
37804.000000
37814.000000
37824.000000
37840.000000
37842.000000
37860.000000
37866.000000
37880.000000
37886.000000
37898.000000
37910.000000
37940.000000
38004.000000
38020.000000
38026.000000
38050.000000
38058.000000
38084.000000
38090.000000
38108.000000
38112.000000
38126.000000
38128.000000
38148.000000
38154.000000
38158.000000
38166.000000
38182.000000
38184.000000
38232.000000
38238.000000
38252.000000
38256.000000
38272.000000
38276.000000
38332.000000
38346.000000
38348.000000
38448.000000
38458.000000
38464.000000
38466.000000
38472.000000
38484.000000
38488.000000
38500.000000
38510.000000
38540.000000
38544.000000
38548.000000
38570.000000
38572.000000
38598.000000
38604.000000
38616.000000
38658.000000
38672.000000
38696.000000
38706.000000
38718.000000
38730.000000
38746.000000
38774.000000
38784.000000
38792.000000
38794.000000
38806.000000
38816.000000
38840.000000
38870.000000
38882.000000
38896.000000
38898.000000
38922.000000
38942.000000
38946.000000
38972.000000
38974.000000
38984.000000
39048.000000
39058.000000
39078.000000
39086.000000
39088.000000
39118.000000
39200.000000
39216.000000
39272.000000
39278.000000
39282.000000
39304.000000
39318.000000
39320.000000
39324.000000
39358.000000
39394.000000
39396.000000
39432.000000
39474.000000
39476.000000
39482.000000
39490.000000
39492.000000
39500.000000
39504.000000
39510.000000
39558.000000
39568.000000
39576.000000
39590.000000
39618.000000
39630.000000
39632.000000
39640.000000
39658.000000
39682.000000
39696.000000
39732.000000
39746.000000
39764.000000
39766.000000
39770.000000
39814.000000
39852.000000
39856.000000
39864.000000
39882.000000
39896.000000
39938.000000
40006.000000
40018.000000
40098.000000
40108.000000
40110.000000
40116.000000
40118.000000
40140.000000
40144.000000
40196.000000
40200.000000
40212.000000
40224.000000
40232.000000
40238.000000
40252.000000
40258.000000
40270.000000
40274.000000
40306.000000
40308.000000
40350.000000
40426.000000
40442.000000
40456.000000
40492.000000
40518.000000
40546.000000
40570.000000
40586.000000
40588.000000
40600.000000
40608.000000
40612.000000
40622.000000
40638.000000
40646.000000
40648.000000
40650.000000
40652.000000
40668.000000
40674.000000
40676.000000
40702.000000
40724.000000
40830.000000
40832.000000
40866.000000
40878.000000
40898.000000
40902.000000
40904.000000
40950.000000
40964.000000
40986.000000
41008.000000
41012.000000
41034.000000
41044.000000
41048.000000
41052.000000
41078.000000
41094.000000
41122.000000
41144.000000
41152.000000
41160.000000
41202.000000
41280.000000
41286.000000
41292.000000
41300.000000
41320.000000
41322.000000
41376.000000
41400.000000
41424.000000
41458.000000
41472.000000
41536.000000
41546.000000
41548.000000
41614.000000
41618.000000
41628.000000
41662.000000
41670.000000
41680.000000
41688.000000
41734.000000
41740.000000
41750.000000
41774.000000
41824.000000
41836.000000
41840.000000
41852.000000
41892.000000
41908.000000
41914.000000
41930.000000
41942.000000
41950.000000
41960.000000
41982.000000
42000.000000
42004.000000
42014.000000
42020.000000
42060.000000
42070.000000
42076.000000
42098.000000
42100.000000
42126.000000
42138.000000
42168.000000
42190.000000
42196.000000
42226.000000
42230.000000
42246.000000
42268.000000
42270.000000
42272.000000
42274.000000
42288.000000
42290.000000
42300.000000
42312.000000
42340.000000
42342.000000
42356.000000
42358.000000
42362.000000
42370.000000
42372.000000
42400.000000
42420.000000
42444.000000
42502.000000
42528.000000
42568.000000
42580.000000
42624.000000
42638.000000
42644.000000
42664.000000
42674.000000
42692.000000
42696.000000
42702.000000
42718.000000
42742.000000
42754.000000
42758.000000
42766.000000
42796.000000
42816.000000
42832.000000
42846.000000
42864.000000
42878.000000
42886.000000
42902.000000
42910.000000
42930.000000
42968.000000
43010.000000
43024.000000
43040.000000
43072.000000
43102.000000
43120.000000
43122.000000
43126.000000
43132.000000
43150.000000
43162.000000
43166.000000
43168.000000
43176.000000
43178.000000
43204.000000
43218.000000
43236.000000
43244.000000
43266.000000
43274.000000
43280.000000
43288.000000
43308.000000
43354.000000
43402.000000
43408.000000
43490.000000
43514.000000
43530.000000
43558.000000
43570.000000
43624.000000
43634.000000
43636.000000
43638.000000
43668.000000
43690.000000
43734.000000
43752.000000
43760.000000
43808.000000
43822.000000
43826.000000
43846.000000
43898.000000
43952.000000
43956.000000
44008.000000
44010.000000
44012.000000
44020.000000
44050.000000
44078.000000
44114.000000
44122.000000
44124.000000
44128.000000
44148.000000
44152.000000
44166.000000
44172.000000
44196.000000
44198.000000
44204.000000
44220.000000
44226.000000
44236.000000
44238.000000
44240.000000
44242.000000
44244.000000
44250.000000
44258.000000
44272.000000
44276.000000
44278.000000
44280.000000
44282.000000
44288.000000
44326.000000
44332.000000
44338.000000
44344.000000
44360.000000
44372.000000
44374.000000
44432.000000
44444.000000
44460.000000
44560.000000
44578.000000
44580.000000
44596.000000
44604.000000
44648.000000
44650.000000
44652.000000
44662.000000
44678.000000
44684.000000
44696.000000
44702.000000
44716.000000
44718.000000
44726.000000
44728.000000
44734.000000
44754.000000
44758.000000
44760.000000
44778.000000
44788.000000
44792.000000
44796.000000
44798.000000
44800.000000
44888.000000
44898.000000
44910.000000
44920.000000
44940.000000
44982.000000
45002.000000
45010.000000
45040.000000
45050.000000
45056.000000
45088.000000
45102.000000
45130.000000
45132.000000
45154.000000
45176.000000
45178.000000
45220.000000
45250.000000
45252.000000
45254.000000
45294.000000
45298.000000
45312.000000
45320.000000
45330.000000
45340.000000
45382.000000
45390.000000
45392.000000
45494.000000
45578.000000
45592.000000
45598.000000
45610.000000
45612.000000
45640.000000
45642.000000
45652.000000
45662.000000
45664.000000
45720.000000
45734.000000
45762.000000
45784.000000
45850.000000
45856.000000
45876.000000
45878.000000
45902.000000
45924.000000
45940.000000
45998.000000
46006.000000
46028.000000
46046.000000
46054.000000
46074.000000
46106.000000
46164.000000
46174.000000
46198.000000
46200.000000
46204.000000
46210.000000
46212.000000
46216.000000
46252.000000
46262.000000
46290.000000
46294.000000
46296.000000
46330.000000
46334.000000
46336.000000
46358.000000
46368.000000
46384.000000
46414.000000
46420.000000
46434.000000
46448.000000
46474.000000
46478.000000
46514.000000
46516.000000
46536.000000
46552.000000
46566.000000
46582.000000
46588.000000
46600.000000
46604.000000
46610.000000
46620.000000
46624.000000
46626.000000
46634.000000
46648.000000
46664.000000
46674.000000
46682.000000
46688.000000
46692.000000
46696.000000
46700.000000
46706.000000
46718.000000
46728.000000
46730.000000
46760.000000
46762.000000
46766.000000
46768.000000
46788.000000
46816.000000
46836.000000
46868.000000
46886.000000
46892.000000
46906.000000
46912.000000
46938.000000
46942.000000
46958.000000
47054.000000
47062.000000
47064.000000
47072.000000
47092.000000
47142.000000
47144.000000
47146.000000
47220.000000
47230.000000
47260.000000
47316.000000
47322.000000
47324.000000
47340.000000
47372.000000
47384.000000
47392.000000
47410.000000
47468.000000
47476.000000
47522.000000
47528.000000
47534.000000
47538.000000
47556.000000
47564.000000
47572.000000
47602.000000
47606.000000
47616.000000
47626.000000
47664.000000
47708.000000
47718.000000
47724.000000
47738.000000
47744.000000
47762.000000
47776.000000
47780.000000
47782.000000
47812.000000
47816.000000
47864.000000
47868.000000
47872.000000
47874.000000
47882.000000
47884.000000
47894.000000
47910.000000
47912.000000
47932.000000
47942.000000
47950.000000
47964.000000
47972.000000
48004.000000
48018.000000
48036.000000
48050.000000
48058.000000
48066.000000
48068.000000
48072.000000
48074.000000
48084.000000
48098.000000
48106.000000
48114.000000
48124.000000
48136.000000
48140.000000
48184.000000
48202.000000
48230.000000
48278.000000
48300.000000
48308.000000
48330.000000
48336.000000
48338.000000
48350.000000
48354.000000
48356.000000
48380.000000
48394.000000
48400.000000
48404.000000
48410.000000
48414.000000
48434.000000
48466.000000
48468.000000
48512.000000
48516.000000
48536.000000
48548.000000
48584.000000
48586.000000
48588.000000
48610.000000
48628.000000
48630.000000
48650.000000
48660.000000
48668.000000
48684.000000
48686.000000
48708.000000
48718.000000
48730.000000
48748.000000
48754.000000
48756.000000
48762.000000
48776.000000
48796.000000
48840.000000
48848.000000
48882.000000
48892.000000
48918.000000
48944.000000
48950.000000
48962.000000
48966.000000
48968.000000
48972.000000
48978.000000
48984.000000
48988.000000
48998.000000
49014.000000
49024.000000
49032.000000
49046.000000
49068.000000
49088.000000
49090.000000
49120.000000
49140.000000
49146.000000
49154.000000
49158.000000
49168.000000
49194.000000
49214.000000
49236.000000
49248.000000
49254.000000
49278.000000
49284.000000
49302.000000
49322.000000
49338.000000
49340.000000
49342.000000
49356.000000
49360.000000
49364.000000
49376.000000
49388.000000
49420.000000
49428.000000
49444.000000
49462.000000
49474.000000
49496.000000
49502.000000
49576.000000
49578.000000
49584.000000
49586.000000
49588.000000
49594.000000
49598.000000
49614.000000
49616.000000
49618.000000
49634.000000
49646.000000
49648.000000
49652.000000
49670.000000
49672.000000
49696.000000
49722.000000
49744.000000
49766.000000
49784.000000
49792.000000
49794.000000
49816.000000
49838.000000
49938.000000
49948.000000
49954.000000
49958.000000
49966.000000
49970.000000
49976.000000
49988.000000
49990.000000
50010.000000
50018.000000
50026.000000
50032.000000
50044.000000
50096.000000
50110.000000
50112.000000
50120.000000
50150.000000
50158.000000
50174.000000
50198.000000
50214.000000
50224.000000
50232.000000
50244.000000
50304.000000
50320.000000
50344.000000
50406.000000
50434.000000
50486.000000
50498.000000
50504.000000
50546.000000
50554.000000
50620.000000
50622.000000
50660.000000
50672.000000
50678.000000
50698.000000
50718.000000
50722.000000
50724.000000
50740.000000
50748.000000
50810.000000
50816.000000
50836.000000
50856.000000
50872.000000
50926.000000
50950.000000
50990.000000
51000.000000
51004.000000
51010.000000
51030.000000
51036.000000
51082.000000
51086.000000
51098.000000
51114.000000
51118.000000
51120.000000
51148.000000
51178.000000
51198.000000
51224.000000
51230.000000
51236.000000
51248.000000
51250.000000
51258.000000
51266.000000
51268.000000
51282.000000
51304.000000
51306.000000
51342.000000
51360.000000
51364.000000
51366.000000
51378.000000
51418.000000
51442.000000
51454.000000
51472.000000
51476.000000
51492.000000
51522.000000
51550.000000
51560.000000
51582.000000
51588.000000
51662.000000
51672.000000
51708.000000
51756.000000
51790.000000
51794.000000
51818.000000
51820.000000
51822.000000
51852.000000
51856.000000
51896.000000
51944.000000
51968.000000
52030.000000
52050.000000
52062.000000
52084.000000
52130.000000
52134.000000
52138.000000
52140.000000
52142.000000
52144.000000
52178.000000
52210.000000
52212.000000
52220.000000
52224.000000
52226.000000
52240.000000
52262.000000
52264.000000
52266.000000
52302.000000
52310.000000
52316.000000
52322.000000
52324.000000
52336.000000
52346.000000
52348.000000
52350.000000
52354.000000
52358.000000
52374.000000
52398.000000
52400.000000
52402.000000
52408.000000
52412.000000
52422.000000
52444.000000
52476.000000
52496.000000
52498.000000
52500.000000
52504.000000
52510.000000
52516.000000
52520.000000
52558.000000
52566.000000
52576.000000
52586.000000
52596.000000
52600.000000
52604.000000
52612.000000
52616.000000
52624.000000
52630.000000
52638.000000
52640.000000
52658.000000
52698.000000
52730.000000
52742.000000
52752.000000
52754.000000
52768.000000
52792.000000
52800.000000
52832.000000
52844.000000
52846.000000
52858.000000
52964.000000
52978.000000
52996.000000
53006.000000
53014.000000
53042.000000
53060.000000
53074.000000
53086.000000
53108.000000
53152.000000
53178.000000
53196.000000
53198.000000
53200.000000
53234.000000
53238.000000
53244.000000
53260.000000
53274.000000
53330.000000
53332.000000
53334.000000
53384.000000
53394.000000
53438.000000
53442.000000
53452.000000
53454.000000
53466.000000
53478.000000
53482.000000
53546.000000
53562.000000
53576.000000
53614.000000
53660.000000
53680.000000
53682.000000
53686.000000
53694.000000
53708.000000
53712.000000
53726.000000
53770.000000
53772.000000
53828.000000
53832.000000
53864.000000
53874.000000
53886.000000
53896.000000
53940.000000
53956.000000
53992.000000
53994.000000
54002.000000
54020.000000
54028.000000
54062.000000
54086.000000
54092.000000
54146.000000
54168.000000
54234.000000
54244.000000
54246.000000
54286.000000
54296.000000
54312.000000
54320.000000
54338.000000
54352.000000
54356.000000
54368.000000
54374.000000
54378.000000
54414.000000
54430.000000
54432.000000
54436.000000
54446.000000
54450.000000
54464.000000
54554.000000
54570.000000
54598.000000
54604.000000
54606.000000
54644.000000
54650.000000
54680.000000
54688.000000
54766.000000
54768.000000
54770.000000
54836.000000
54846.000000
54848.000000
54856.000000
54872.000000
54876.000000
54890.000000
54892.000000
55032.000000
55088.000000
55092.000000
55100.000000
55130.000000
55142.000000
55166.000000
55188.000000
55206.000000
55212.000000
55228.000000
55292.000000
55326.000000
55396.000000
55484.000000
55530.000000
55590.000000
55592.000000
55594.000000
55650.000000
55682.000000
55734.000000
55754.000000
55780.000000
55850.000000
55882.000000
55884.000000
55942.000000
56000.000000
56002.000000
56062.000000
56146.000000
56202.000000
56234.000000
56278.000000
56306.000000
56402.000000
56424.000000
56494.000000
56530.000000
56562.000000
56578.000000
56644.000000
56652.000000
56658.000000
56742.000000
56786.000000
56790.000000
56820.000000
56980.000000
56986.000000
57000.000000
57014.000000
57074.000000
57136.000000
57154.000000
57162.000000
57170.000000
57250.000000
57256.000000
57382.000000
57428.000000
57430.000000
57442.000000
57456.000000
57472.000000
57476.000000
57502.000000
57506.000000
57534.000000
57598.000000
57632.000000
57680.000000
57724.000000
57742.000000
57784.000000
57790.000000
57802.000000
57856.000000
57882.000000
57920.000000
57926.000000
57940.000000
57966.000000
57976.000000
57980.000000
58020.000000
58036.000000
58060.000000
58090.000000
58116.000000
58166.000000
58190.000000
58204.000000
58212.000000
58226.000000
58236.000000
58246.000000
58300.000000
58310.000000
58312.000000
58318.000000
58356.000000
58392.000000
58402.000000
58410.000000
58432.000000
58494.000000
58522.000000
58524.000000
58552.000000
58584.000000
58602.000000
58656.000000
58660.000000
58666.000000
58712.000000
58744.000000
58770.000000
58778.000000
58784.000000
58788.000000
58806.000000
58808.000000
58834.000000
58844.000000
58860.000000
58864.000000
58902.000000
58912.000000
58944.000000
58946.000000
58986.000000
58990.000000
59012.000000
59016.000000
59040.000000
59050.000000
59066.000000
59070.000000
59082.000000
59108.000000
59138.000000
59144.000000
59158.000000
59166.000000
59216.000000
59236.000000
59286.000000
59292.000000
59310.000000
59334.000000
59340.000000
59346.000000
59354.000000
59368.000000
59370.000000
59396.000000
59426.000000
59430.000000
59436.000000
59456.000000
59466.000000
59498.000000
59598.000000
59642.000000
59646.000000
59650.000000
59652.000000
59716.000000
59718.000000
59738.000000
59754.000000
59760.000000
59770.000000
59822.000000
59834.000000
59850.000000
59860.000000
59874.000000
59876.000000
59890.000000
59908.000000
59922.000000
59940.000000
59982.000000
60000.000000
60004.000000
60012.000000
60036.000000
60046.000000
60056.000000
60104.000000
60114.000000
60144.000000
60208.000000
60226.000000
60240.000000
60242.000000
60248.000000
60258.000000
60298.000000
60312.000000
60326.000000
60350.000000
60352.000000
60390.000000
60392.000000
60394.000000
60416.000000
60426.000000
60436.000000
60442.000000
60446.000000
60450.000000
60458.000000
60480.000000
60492.000000
60518.000000
60532.000000
60550.000000
60562.000000
60572.000000
60588.000000
60618.000000
60666.000000
60698.000000
60730.000000
60752.000000
60758.000000
60760.000000
60770.000000
60816.000000
60826.000000
60836.000000
60886.000000
60918.000000
60944.000000
61018.000000
61020.000000
61024.000000
61026.000000
61046.000000
61052.000000
61062.000000
61072.000000
61090.000000
61114.000000
61128.000000
61168.000000
61170.000000
61178.000000
61204.000000
61234.000000
61258.000000
61260.000000
61262.000000
61264.000000
61286.000000
61314.000000
61328.000000
61334.000000
61336.000000
61340.000000
61362.000000
61400.000000
61402.000000
61452.000000
61476.000000
61478.000000
61498.000000
61504.000000
61518.000000
61520.000000
61534.000000
61544.000000
61562.000000
61596.000000
61632.000000
61712.000000
61744.000000
61794.000000
61804.000000
61840.000000
61932.000000
61952.000000
62016.000000
62060.000000
62066.000000
62082.000000
62106.000000
62110.000000
62146.000000
62158.000000
62164.000000
62190.000000
62212.000000
62230.000000
62248.000000
62258.000000
62268.000000
62278.000000
62282.000000
62284.000000
62328.000000
62332.000000
62338.000000
62362.000000
62366.000000
62368.000000
62408.000000
62500.000000
62508.000000
62524.000000
62542.000000
62550.000000
62564.000000
62588.000000
62600.000000
62608.000000
62612.000000
62614.000000
62630.000000
62642.000000
62646.000000
62728.000000
62774.000000
62776.000000
62800.000000
62818.000000
62832.000000
62908.000000
62910.000000
62974.000000
62980.000000
62998.000000
63038.000000
63056.000000
63110.000000
63116.000000
63154.000000
63218.000000
63250.000000
63280.000000
63290.000000
63390.000000
63404.000000
63504.000000
63514.000000
63558.000000
63562.000000
63576.000000
63584.000000
63592.000000
63702.000000
63732.000000
63736.000000
63772.000000
63800.000000
63802.000000
63814.000000
63824.000000
63844.000000
63866.000000
63892.000000
63918.000000
63952.000000
63982.000000
63986.000000
63992.000000
64036.000000
64040.000000
64044.000000
64074.000000
64150.000000
64158.000000
64182.000000
64186.000000
64194.000000
64200.000000
64204.000000
64208.000000
64226.000000
64230.000000
64242.000000
64246.000000
64248.000000
64258.000000
64282.000000
64322.000000
64332.000000
64350.000000
64362.000000
64408.000000
64410.000000
64412.000000
64418.000000
64420.000000
64440.000000
64488.000000
64496.000000
64504.000000
64524.000000
64528.000000
64552.000000
64562.000000
64568.000000
64580.000000
64664.000000
64678.000000
64684.000000
64734.000000
64768.000000
64812.000000
64838.000000
64890.000000
64934.000000
64954.000000
64962.000000
64986.000000
64990.000000
65006.000000
65036.000000
65080.000000
65084.000000
65094.000000
65126.000000
65130.000000
65142.000000
65182.000000
65208.000000
65212.000000
65250.000000
65252.000000
65266.000000
65272.000000
65280.000000
65358.000000
65414.000000
65440.000000
65470.000000
65478.000000
65492.000000
65510.000000
65584.000000
65628.000000
65666.000000
65674.000000
65676.000000
65710.000000
65784.000000
65842.000000
65860.000000
65876.000000
65882.000000
65898.000000
65910.000000
65954.000000
65968.000000
66058.000000
66088.000000
66098.000000
66100.000000
66122.000000
66150.000000
66154.000000
66166.000000
66212.000000
66278.000000
66282.000000
66290.000000
66332.000000
66370.000000
66406.000000
66422.000000
66440.000000
66468.000000
66556.000000
66570.000000
66620.000000
66706.000000
66710.000000
66728.000000
66732.000000
66736.000000
66744.000000
66750.000000
66780.000000
66832.000000
66866.000000
66914.000000
66936.000000
66958.000000
66964.000000
66998.000000
67010.000000
67024.000000
67040.000000
67046.000000
67050.000000
67088.000000
67110.000000
67112.000000
67126.000000
67186.000000
67198.000000
67204.000000
67238.000000
67256.000000
67304.000000
67310.000000
67344.000000
67390.000000
67452.000000
67462.000000
67482.000000
67504.000000
67530.000000
67566.000000
67576.000000
67596.000000
67608.000000
67690.000000
67702.000000
67714.000000
67742.000000
67746.000000
67766.000000
67798.000000
67800.000000
67822.000000
67834.000000
67836.000000
67882.000000
67930.000000
67942.000000
67968.000000
67970.000000
67984.000000
68000.000000
68012.000000
68014.000000
68072.000000
68092.000000
68106.000000
68122.000000
68126.000000
68130.000000
68136.000000
68144.000000
68146.000000
68148.000000
68158.000000
68242.000000
68272.000000
68284.000000
68308.000000
68322.000000
68376.000000
68400.000000
68444.000000
68450.000000
68522.000000
68524.000000
68536.000000
68538.000000
68544.000000
68550.000000
68564.000000
68580.000000
68602.000000
68604.000000
68650.000000
68666.000000
68696.000000
68706.000000
68724.000000
68728.000000
68734.000000
68740.000000
68774.000000
68860.000000
68864.000000
68930.000000
68932.000000
68938.000000
68986.000000
68996.000000
69010.000000
69020.000000
69022.000000
69026.000000
69034.000000
69050.000000
69088.000000
69090.000000
69120.000000
69152.000000
69162.000000
69212.000000
69222.000000
69246.000000
69298.000000
69364.000000
69400.000000
69402.000000
69416.000000
69438.000000
69480.000000
69484.000000
69488.000000
69502.000000
69508.000000
69516.000000
69518.000000
69540.000000
69546.000000
69574.000000
69598.000000
69608.000000
69612.000000
69700.000000
69730.000000
69764.000000
69804.000000
69820.000000
69866.000000
70024.000000
70116.000000
70154.000000
70166.000000
70176.000000
70178.000000
70196.000000
70208.000000
70218.000000
70230.000000
70242.000000
70246.000000
70286.000000
70316.000000
70350.000000
70370.000000
70386.000000
70392.000000
70406.000000
70448.000000
70452.000000
70458.000000
70474.000000
70482.000000
70490.000000
70538.000000
70556.000000
70582.000000
70618.000000
70624.000000
70628.000000
70642.000000
70644.000000
70704.000000
70706.000000
70720.000000
70734.000000
70780.000000
70822.000000
70832.000000
70892.000000
70894.000000
70898.000000
70904.000000
70930.000000
70948.000000
70952.000000
70954.000000
70956.000000
70966.000000
71052.000000
71082.000000
71094.000000
71158.000000
71168.000000
71178.000000
71266.000000
71274.000000
71288.000000
71308.000000
71354.000000
71390.000000
71396.000000
71418.000000
71434.000000
71446.000000
71450.000000
71454.000000
71482.000000
71500.000000
71558.000000
71706.000000
71714.000000
71728.000000
71740.000000
71794.000000
71852.000000
71860.000000
71868.000000
71894.000000
71908.000000
71918.000000
71922.000000
71924.000000
71930.000000
71934.000000
71964.000000
71984.000000
72022.000000
72030.000000
72036.000000
72044.000000
72046.000000
72066.000000
72076.000000
72166.000000
72232.000000
72262.000000
72264.000000
72270.000000
72274.000000
72312.000000
72336.000000
72342.000000
72358.000000
72360.000000
72380.000000
72402.000000
72460.000000
72488.000000
72502.000000
72518.000000
72538.000000
72550.000000
72560.000000
72598.000000
72600.000000
72620.000000
72626.000000
72708.000000
72734.000000
72736.000000
72740.000000
72776.000000
72786.000000
72802.000000
72818.000000
72838.000000
72860.000000
72868.000000
72876.000000
72892.000000
72912.000000
72924.000000
72940.000000
72956.000000
72968.000000
72978.000000
73014.000000
73018.000000
73056.000000
73070.000000
73072.000000
73100.000000
73154.000000
73156.000000
73164.000000
73186.000000
73190.000000
73198.000000
73200.000000
73226.000000
73228.000000
73306.000000
73366.000000
73432.000000
73448.000000
73454.000000
73456.000000
73482.000000
73542.000000
73544.000000
73560.000000
73602.000000
73644.000000
73648.000000
73670.000000
73722.000000
73730.000000
73770.000000
73804.000000
73840.000000
73856.000000
73864.000000
73886.000000
73902.000000
73906.000000
73920.000000
73922.000000
73950.000000
73994.000000
74002.000000
74072.000000
74092.000000
74108.000000
74112.000000
74116.000000
74120.000000
74124.000000
74130.000000
74136.000000
74148.000000
74162.000000
74170.000000
74176.000000
74184.000000
74208.000000
74220.000000
74234.000000
74238.000000
74270.000000
74324.000000
74364.000000
74376.000000
74394.000000
74420.000000
74426.000000
74444.000000
74448.000000
74452.000000
74460.000000
74488.000000
74490.000000
74492.000000
74500.000000
74512.000000
74516.000000
74526.000000
74534.000000
74576.000000
74614.000000
74616.000000
74620.000000
74624.000000
74626.000000
74634.000000
74686.000000
74706.000000
74712.000000
74718.000000
74736.000000
74750.000000
74752.000000
74772.000000
74782.000000
74784.000000
74814.000000
74840.000000
74854.000000
74892.000000
74894.000000
74950.000000
74956.000000
74962.000000
74976.000000
75018.000000
75022.000000
75036.000000
75044.000000
75048.000000
75060.000000
75066.000000
75090.000000
75098.000000
75108.000000
75142.000000
75152.000000
75158.000000
75166.000000
75192.000000
75200.000000
75232.000000
75240.000000
75254.000000
75272.000000
75280.000000
75286.000000
75300.000000
75314.000000
75348.000000
75366.000000
75386.000000
75396.000000
75422.000000
75428.000000
75442.000000
75452.000000
75512.000000
75532.000000
75592.000000
75598.000000
75606.000000
75616.000000
75632.000000
75650.000000
75700.000000
75718.000000
75732.000000
75772.000000
75824.000000
75828.000000
75846.000000
75864.000000
75892.000000
75906.000000
75910.000000
75912.000000
75920.000000
75930.000000
75936.000000
75944.000000
75948.000000
75952.000000
76000.000000
76020.000000
76026.000000
76034.000000
76060.000000
76078.000000
76092.000000
76134.000000
76146.000000
76176.000000
76186.000000
76194.000000
76196.000000
76200.000000
76220.000000
76248.000000
76276.000000
76292.000000
76298.000000
76378.000000
76398.000000
76402.000000
76456.000000
76474.000000
76504.000000
76506.000000
76548.000000
76596.000000
76604.000000
76668.000000
76678.000000
76692.000000
76712.000000
76718.000000
76748.000000
76750.000000
76776.000000
76778.000000
76786.000000
76796.000000
76878.000000
76884.000000
76890.000000
76892.000000
76894.000000
76896.000000
76914.000000
76916.000000
76940.000000
76952.000000
76972.000000
76974.000000
77022.000000
77024.000000
77028.000000
77042.000000
77050.000000
77060.000000
77076.000000
77078.000000
77092.000000
77120.000000
77134.000000
77146.000000
77148.000000
77154.000000
77190.000000
77198.000000
77204.000000
77212.000000
77236.000000
77238.000000
77240.000000
77258.000000
77266.000000
77282.000000
77290.000000
77304.000000
77354.000000
77384.000000
77398.000000
77408.000000
77412.000000
77430.000000
77432.000000
77448.000000
77452.000000
77458.000000
77470.000000
77526.000000
77554.000000
77556.000000
77578.000000
77586.000000
77588.000000
77596.000000
77632.000000
77640.000000
77702.000000
77716.000000
77732.000000
77736.000000
77742.000000
77750.000000
77776.000000
77786.000000
77812.000000
77836.000000
77840.000000
77874.000000
77912.000000
77936.000000
77940.000000
77958.000000
77976.000000
77984.000000
77990.000000
78010.000000
78026.000000
78052.000000
78090.000000
78102.000000
78106.000000
78118.000000
78132.000000
78144.000000
78152.000000
78158.000000
78162.000000
78164.000000
78172.000000
78188.000000
78198.000000
78200.000000
78222.000000
78254.000000
78274.000000
78278.000000
78294.000000
78308.000000
78314.000000
78360.000000
78378.000000
78438.000000
78446.000000
78452.000000
78466.000000
78488.000000
78490.000000
78504.000000
78548.000000
78560.000000
78568.000000
78594.000000
78694.000000
78698.000000
78766.000000
78782.000000
78786.000000
78790.000000
78830.000000
78896.000000
78936.000000
78958.000000
78964.000000
79030.000000
79082.000000
79084.000000
79136.000000
79138.000000
79142.000000
79158.000000
79160.000000
79178.000000
79186.000000
79190.000000
79200.000000
79216.000000
79236.000000
79244.000000
79294.000000
79352.000000
79392.000000
79396.000000
79452.000000
79480.000000
79482.000000
79516.000000
79570.000000
79578.000000
79584.000000
79586.000000
79588.000000
79610.000000
79616.000000
79622.000000
79626.000000
79712.000000
79732.000000
79776.000000
79778.000000
79848.000000
79864.000000
79872.000000
79970.000000
79998.000000
80032.000000
80084.000000
80108.000000
80118.000000
80130.000000
80162.000000
80190.000000
80216.000000
80254.000000
80268.000000
80282.000000
80330.000000
80370.000000
80408.000000
80410.000000
80418.000000
80468.000000
80486.000000
80496.000000
80502.000000
80504.000000
80552.000000
80580.000000
80610.000000
80674.000000
80678.000000
80704.000000
80742.000000
80756.000000
80758.000000
80766.000000
